{
  "account": {
    "accountPageTitle": "Account Information",
    "accountCreatedNotificationText": "Thank you for registering with Main Website Store.",
    "addressBookTitle": "Customer Address"
  },
  "logout": {
    "logoutConfirmationText": "You have signed out"
  } 
}